// Jest Snapshot v1, https://goo.gl/fbAQLP

exports[`Data Collection Agents Page Renders correctly 1`] = `
<div
  className="layout-container collectionPage"
>
  <div
    className="globalHeaderContainer  "
  >
    <div
      className="globalHeaderContent"
    >
      <div
        className="leftSideLinksContainer"
      >
        <a
          className="logo"
          href="https://newrelic.com/"
          rel="noopener noreferrer"
        >
          New Relic
        </a>
        <ul
          className="leftSideLinks"
        >
          <li
            className="leftSideLinkItem"
          >
            <a
              className="leftSideLink"
              href="https://developer.newrelic.com/"
            >
              Developers
            </a>
          </li>
          <li
            className="leftSideLinkItem active"
          >
            <a
              className="leftSideLink"
              href="#"
            >
              Open Source
            </a>
          </li>
          <li
            className="leftSideLinkItem"
          >
            <a
              className="leftSideLink"
              href="https://docs.newrelic.com/"
            >
              Docs
            </a>
          </li>
        </ul>
      </div>
      <ul
        className="rightSideButtons"
      >
        <li
          className="darkModeToggle"
        />
        <li
          className="rightSideButton githubButton"
        >
          <a
            className="githubButtonLink"
            href="https://github.com/newrelic/opensource-website"
          >
            GitHub
          </a>
        </li>
      </ul>
    </div>
  </div>
  <header
    className="primaryHeaderContainer  "
  >
    <a
      className="primaryHeaderLogo"
      href="/"
    >
      New Relic Open Source
    </a>
    <ul
      className="primaryHeaderNavLinks"
    >
      <li
        className="primaryHeaderNavLinkItem"
      >
        <a
          className="primaryHeaderNavLink"
          href="/external-projects"
        >
          External Projects
        </a>
      </li>
      <li
        className="primaryHeaderNavLinkItem"
      >
        <a
          className="primaryHeaderNavLink"
          href="/explore-projects"
        >
          New Relic Projects
        </a>
      </li>
    </ul>
    <div
      className="primaryHeaderMobileNav "
    >
      <button
        className="mobileMenuButton"
        onClick={[Function]}
      >
        Menu
      </button>
      <ul
        className="primaryHeaderMobileNavLinks"
      >
        <li
          className="primaryHeaderNavLinkItem"
        >
          <a
            className="primaryHeaderNavLink"
            href="/external-projects"
          >
            External Projects
          </a>
        </li>
        <li
          className="primaryHeaderNavLinkItem"
        >
          <a
            className="primaryHeaderNavLink"
            href="/explore-projects"
          >
            New Relic Projects
          </a>
        </li>
      </ul>
    </div>
  </header>
  <main
    className="layout-container-main full-width undefined"
  >
    <div
      className="featuredVideoContainer"
    >
      <div
        className="responsive-video"
      >
        <iframe
          allow="accelerometer; autoplay; encrypted-media; gyroscope; picture-in-picture"
          allowFullScreen={true}
          frameBorder="0"
          height="328.125"
          src="https://www.youtube.com/embed/g00AeKlECZA?controls=0"
          width="578"
        />
      </div>
    </div>
    <section
      className="primaryBodyCopy"
    >
      <h5
        className="primaryBodyCopyHeader"
      >
        Duis mollis, est non commodo luctus
      </h5>
      <p
        className="primaryBodyCopyDescription"
      >
        Etiam porta sem malesuada magna mollis euismod. Praesent commodo cursus magna, vel scelerisque nisl consectetur et. Donec ullamcorper ult nulla non metus auctor fringilla. Duis mollis, est non commodo luctus, eu nisi erat porttitor ligula, eget lacinia odio sem nec elit. Lorem ipsum Fusce dapibus, tellus ac cursus commodo, tortor mauris condimentum nibh, ut fermentum massa justo sit amet risus. Integer posuere erat a ante venenatis dapibus posuere velit aliquet. Aenean eu leo quam. Pellentesque ornare sem lacinia quam venenatis vestibulum
      </p>
    </section>
    <div
      className="collectionListingContainer"
    >
      <header
        className="collectionListingHeaderSection"
      >
        <h4
          className="collectionListingHeaderSectionHeading"
        >
          Our Agents
        </h4>
        <p
          className="collectionListingHeaderSectionDescription"
        >
          Explore the open source repositories for New Relic agent technology
        </p>
      </header>
      <div
        className="collectionListing"
      />
    </div>
  </main>
  <footer
    className="footerContainer"
  >
    <div
      className="footerContents"
    >
      <div
        className="footerLogoContainer"
      >
        <a
          className="footerLogo "
          href="/"
        >
          New Relic Open Source
        </a>
      </div>
      <div
        className="meta"
      >
        <small
          className="version"
        >
          Version 
          0.5.0
        </small>
        <small
          className="footerLegal"
        >
          Copyright Â© 
          2020
           New Relic Inc.
        </small>
      </div>
      <ul
        className="footerNavLinks"
      >
        <li
          className="footerNavLinkItem"
        >
          <a
            className="footerNavLink"
            href="/standards"
          >
            Standards
          </a>
        </li>
        <li
          className="footerNavLinkItem"
        >
          <a
            className="footerNavLink"
            href="/external-projects"
          >
            External Projects
          </a>
        </li>
        <li
          className="footerNavLinkItem"
        >
          <a
            className="footerNavLink"
            href="/explore-projects"
          >
            New Relic Projects
          </a>
        </li>
      </ul>
    </div>
  </footer>
</div>
`;
